<ac:structured-macro ac:name="info" ac:schema-version="1">
    <ac:rich-text-body>
        <p>Diese Seite wurde automatisch generiert.</p>
    </ac:rich-text-body>
</ac:structured-macro>
    <p></p>

    <ac:structured-macro ac:name="children" ac:schema-version="2">
        <ac:parameter ac:name="depth">2</ac:parameter>
    </ac:structured-macro>

    <table class="wrapped relative-table" style="width: 80.0%;">
        <colgroup>
            <col style="width: 22.0%;"/>
            <col style="width: 78.0%;"/>
        </colgroup>
        <tbody>
        <tr>
            <td colspan="1">Typ</td>
            <td colspan="1">Backend Service</td>
        </tr>
        <tr>
            <td colspan="1">Team</td>
            <td colspan="1"></td>

        </tr>
        <tr>
            <td colspan="1">System</td>
            <td colspan="1">
                <ac:link>
                    <ri:page ri:content-title="System (System)"/>
                    <ac:plain-text-link-body>
                        <![CDATA[System]]>
                    </ac:plain-text-link-body>
                </ac:link>
            </td>
        </tr>
        </tbody>
    </table>

    <h1>Kontext</h1>

    <ac:structured-macro ac:name="plantuml" ac:schema-version="1">
        <ac:parameter ac:name="atlassian-macro-output-type">INLINE</ac:parameter>
        <ac:plain-text-body><![CDATA[]]></ac:plain-text-body>
    </ac:structured-macro>

    <h1>Datenmodell</h1>
    <p>Kein Datenbankschema bekannt.</p>



    <h1>Rest API</h1>
    <p>-</p>


    <h1>Ausgehende Beziehungen</h1>

    <h2>Aufgerufene REST-APIs</h2>


    <p>Keine</p>


    <h2>Produzierte Events</h2>


    <p>Keine</p>


    <h2>Gesendete Commands</h2>


    <p>Keine</p>


    <h1>Eingehende Beziehungen</h1>

    <h2>Eingehende Aufrufe auf REST-APIs</h2>


    <p>Keine</p>


    <h2>Konsumierte Events</h2>


    <p>Keine</p>


    <h2>Empfangene Commands</h2>


    <p>Keine</p>


    <h2>Reaktionen</h2>

    <table class="wrapped relative-table" style="width: 100.0%;">
        <colgroup>
            <col style="width: 14.0%;"/>
            <col style="width: 14.0%;"/>
            <col style="width: 14.0%;"/>
            <col style="width: 14.0%;"/>
            <col style="width: 14.0%;"/>
            <col style="width: 10.0%;"/>
            <col style="width: 10.0%;"/>
            <col style="width: 10.0%;"/>
        </colgroup>
        <tbody>
        <tr>
            <th colspan="1">Trigger Type</th>
            <th colspan="1">Trigger FQN</th>
            <th colspan="1">Action Type</th>
            <th colspan="1">Action FQN</th>
            <th colspan="1" style="text-align: right;">Count</th>
            <th colspan="1" style="text-align: right;">Median</th>
            <th colspan="1" style="text-align: right;">Percentage</th>
        </tr>

        <tr>
            <td colspan="1" rowspan="2">
                <p>event</p>
            </td>
            <td colspan="1" rowspan="2">
                <p>
                    <ac:link>
                        <ri:page ri:content-title="com.example.TriggerA"/>
                        <ac:plain-text-link-body>
                            <![CDATA[com.example.TriggerA]]>
                        </ac:plain-text-link-body>
                    </ac:link>
                </p>
            </td>
            <td colspan="1">
                <p>actionType1</p>
            </td>
            <td colspan="1">
                <p>com.example.ActionB</p>
            </td>
            <td colspan="1" rowspan="1" style="text-align: right;">
                <p>10</p>
            </td>
            <td colspan="1" rowspan="1" style="text-align: right;">
                <p>5.0</p>
            </td>
            <td colspan="1" rowspan="1" style="text-align: right;">
                <p>50%</p>
            </td>
        </tr>

        <tr>


            <td colspan="1">
                <p>command</p>
            </td>
            <td colspan="1">
                <p>
                    <ac:link>
                        <ri:page ri:content-title="com.example.ActionC"/>
                        <ac:plain-text-link-body>
                            <![CDATA[com.example.ActionC]]>
                        </ac:plain-text-link-body>
                    </ac:link>
                </p>
            </td>
            <td colspan="1" rowspan="1" style="text-align: right;">
                <p>10</p>
            </td>
            <td colspan="1" rowspan="1" style="text-align: right;">
                <p>5.0</p>
            </td>
            <td colspan="1" rowspan="1" style="text-align: right;">
                <p>50%</p>
            </td>
        </tr>

        <tr>
            <td colspan="1" rowspan="2">
                <p>event</p>
            </td>
            <td colspan="1" rowspan="2">
                <p>
                    <ac:link>
                        <ri:page ri:content-title="com.example.TriggerA"/>
                        <ac:plain-text-link-body>
                            <![CDATA[com.example.TriggerA]]>
                        </ac:plain-text-link-body>
                    </ac:link>
                </p>
            </td>
            <td colspan="1">
                <p>command</p>
            </td>
            <td colspan="1">
                <p>
                    <ac:link>
                        <ri:page ri:content-title="com.example.ActionB"/>
                        <ac:plain-text-link-body>
                            <![CDATA[com.example.ActionB]]>
                        </ac:plain-text-link-body>
                    </ac:link>
                </p>
            </td>
            <td colspan="1" rowspan="2" style="text-align: right;">
                <p>10</p>
            </td>
            <td colspan="1" rowspan="2" style="text-align: right;">
                <p>5.0</p>
            </td>
            <td colspan="1" rowspan="2" style="text-align: right;">
                <p>50%</p>
            </td>
        </tr>

        <tr>


            <td colspan="1">
                <p>command</p>
            </td>
            <td colspan="1">
                <p>
                    <ac:link>
                        <ri:page ri:content-title="com.example.ActionC"/>
                        <ac:plain-text-link-body>
                            <![CDATA[com.example.ActionC]]>
                        </ac:plain-text-link-body>
                    </ac:link>
                </p>
            </td>



        </tr>

        <tr>
            <td colspan="1" rowspan="1">
                <p></p>
            </td>
            <td colspan="1" rowspan="1">
                <p></p>
            </td>
            <td colspan="1">
                <p>command</p>
            </td>
            <td colspan="1">
                <p>
                    <ac:link>
                        <ri:page ri:content-title="com.example.ActionC"/>
                        <ac:plain-text-link-body>
                            <![CDATA[com.example.ActionC]]>
                        </ac:plain-text-link-body>
                    </ac:link>
                </p>
            </td>
            <td colspan="1" rowspan="1" style="text-align: right;">
                <p>10</p>
            </td>
            <td colspan="1" rowspan="1" style="text-align: right;">
                <p>5.0</p>
            </td>
            <td colspan="1" rowspan="1" style="text-align: right;">
                <p>-</p>
            </td>
        </tr>

        <tr>
            <td colspan="1" rowspan="1">
                <p>triggerType1</p>
            </td>
            <td colspan="1" rowspan="1">
                <p>com.example.TriggerA</p>
            </td>
            <td colspan="1">
                <p>actionType1</p>
            </td>
            <td colspan="1">
                <p>com.example.ActionA</p>
            </td>
            <td colspan="1" rowspan="1" style="text-align: right;">
                <p>10</p>
            </td>
            <td colspan="1" rowspan="1" style="text-align: right;">
                <p>5.0</p>
            </td>
            <td colspan="1" rowspan="1" style="text-align: right;">
                <p>50%</p>
            </td>
        </tr>

        <tr>
            <td colspan="1" rowspan="1">
                <p>trigger</p>
            </td>
            <td colspan="1" rowspan="1">
                <p>com.example.TriggerA</p>
            </td>
            <td colspan="1">
                <p>-</p>
            </td>
            <td colspan="1">
                <p>-</p>
            </td>
            <td colspan="1" rowspan="1" style="text-align: right;">
                <p>10</p>
            </td>
            <td colspan="1" rowspan="1" style="text-align: right;">
                <p>5.0</p>
            </td>
            <td colspan="1" rowspan="1" style="text-align: right;">
                <p>50%</p>
            </td>
        </tr>
        </tbody>
    </table>



    <div>
        <p><br /></p>
        <h2>Graph</h2>
        <ac:image ac:border="true">
            <span><ri:attachment ri:filename='graph-Component.png' /></span>
        </ac:image>
        <style>
            ac\:image img {
                max-height: 400px;
                height: auto;
            }
        </style>
    </div>